Microchip MPLAB XC8 Compiler V2.31

Linker command line:

-W-3 --edf=C:\Program Files\Microchip\xc8\v2.31\pic\dat\en_msgs.txt -cn \
  -h+dist/default/production\lab10.X.production.sym \
  --cmf=dist/default/production\lab10.X.production.cmf -z -Q16F887 \
  -oC:\Users\angel\AppData\Local\Temp\sqkg.2 --defsym=__MPLAB_BUILD=1 \
  -Mdist/default/production/lab10.X.production.map -E1 -ver=XC8 Compiler \
  --acfsm=1493 -ASTACK=0110h-016Fh -pstack=STACK -ACODE=00h-07FFhx4 \
  -ASTRCODE=00h-01FFFh -ASTRING=00h-0FFhx32 -ACONST=00h-0FFhx32 \
  -AENTRY=00h-0FFhx32 -ACOMMON=070h-07Fh -ABANK0=020h-06Fh \
  -ABANK1=0A0h-0EFh -ABANK2=0110h-016Fh -ABANK3=0190h-01EFh \
  -ARAM=020h-06Fh,0A0h-0EFh,0110h-016Fh,0190h-01EFh \
  -AABS1=020h-07Fh,0A0h-0EFh,0110h-016Fh,0190h-01EFh -ASFR0=00h-01Fh \
  -ASFR1=080h-09Fh -ASFR2=0100h-010Fh -ASFR3=0180h-018Fh \
  -ACONFIG=02007h-02008h -DCONFIG=2 -AIDLOC=02000h-02003h -DIDLOC=2 \
  -AEEDATA=00h-0FFh/02100h -peeprom_data=EEDATA -DEEDATA=2 -DCODE=2 \
  -DSTRCODE=2 -DSTRING=2 -DCONST=2 -DENTRY=2 \
  -preset_vec=00h,intentry,init,end_init -ppowerup=CODE -pcinit=CODE \
  -pfunctab=ENTRY -k C:\Users\angel\AppData\Local\Temp\sqkg.o \
  dist/default/production\lab10.X.production.o 

Object code version is 3.11

Machine type is 16F887



                Name                               Link     Load   Length Selector   Space Scale
C:\Users\angel\AppData\Local\Temp\sqkg.o
                end_init                              0        0        3        0       0
                config                             2007     2007        2        0       4
dist/default/production\lab10.X.production.o
                cinit                               7D1      7D1       2F      FA2       0
                config                             2007     2007        2        0       4
                text1                               4B3      4B3       1E      966       0
                maintext                            5A4      5A4      22D      B48       0
                cstackCOMMON                         70       70        7       70       1
                inittext                            4A0      4A0       13      940       0
                dataBANK3                           190      190       4F      190       1
                dataBANK1                            A0       A0       46       A0       1
                dataBANK0                            20       20       3E       20       1
                bssCOMMON                            79       79        2       70       1
                nvCOMMON                             77       77        2       70       1
                idataBANK3                          555      555       4F      AAA       0
                idataBANK1                          50F      50F       46      A1E       0
                idataBANK0                          4D1      4D1       3E      9A2       0

TOTAL           Name                               Link     Load   Length     Space
        CLASS   STACK          

        CLASS   CODE           
                end_init                              0        0        3         0
                cinit                               7D1      7D1       2F         0
                text1                               4B3      4B3       1E         0
                maintext                            5A4      5A4      22D         0
                inittext                            4A0      4A0       13         0
                idataBANK3                          555      555       4F         0
                idataBANK1                          50F      50F       46         0
                idataBANK0                          4D1      4D1       3E         0

        CLASS   STRCODE        

        CLASS   STRING         

        CLASS   CONST          

        CLASS   ENTRY          

        CLASS   COMMON         
                cstackCOMMON                         70       70        7         1
                bssCOMMON                            79       79        2         1
                nvCOMMON                             77       77        2         1

        CLASS   BANK0          
                dataBANK0                            20       20       3E         1

        CLASS   BANK1          
                dataBANK1                            A0       A0       46         1

        CLASS   BANK2          

        CLASS   BANK3          
                dataBANK3                           190      190       4F         1

        CLASS   RAM            

        CLASS   ABS1           
                abs_s1                               7E       7E        2         1

        CLASS   SFR0           

        CLASS   SFR1           

        CLASS   SFR2           

        CLASS   SFR3           

        CLASS   CONFIG         
                config                             2007     2007        2         4

        CLASS   IDLOC          

        CLASS   EEDATA         



SEGMENTS        Name                           Load    Length   Top    Selector   Space  Class     Delta

                reset_vec                      000000  000003  000003         0       0  CODE        2
                dataBANK0                      000020  00003E  00005E        20       1  BANK0       1
                cstackCOMMON                   000070  00000B  00007B        70       1  COMMON      1
                dataBANK1                      0000A0  000046  0000E6        A0       1  BANK1       1
                dataBANK3                      000190  00004F  0001DF       190       1  BANK3       1
                inittext                       0004A0  000013  0004B3       940       0  CODE        2
                text1                          0004B3  00001E  0004D1       966       0  CODE        2
                idataBANK0                     0004D1  00003E  00050F       9A2       0  CODE        2
                idataBANK1                     00050F  000046  000555       A1E       0  CODE        2
                idataBANK3                     000555  00004F  0005A4       AAA       0  CODE        2
                maintext                       0005A4  00022D  0007D1       B48       0  CODE        2
                cinit                          0007D1  00002F  000800       FA2       0  CODE        2


UNUSED ADDRESS RANGES

        Name                Unused          Largest block    Delta
        BANK0            005E-006F             12           1
        BANK1            00E6-00EF              A           1
        BANK2            0110-016F             60           1
        BANK3            01DF-01EF             11           1
        CODE             0003-049F            49D           2
                         0800-1FFF            800
        COMMON           007B-007D              3           1
        CONST            0003-049F            100           2
                         0800-1FFF            100
        EEDATA           2100-21FF            100           2
        ENTRY            0003-049F            100           2
                         0800-1FFF            100
        IDLOC            2000-2003              4           2
        RAM              005E-006F             12           1
                         00E6-00EF              A
                         0110-016F             60
                         01DF-01EF             11
        SFR0             0000-001F             20           1
        SFR1             0080-009F             20           1
        SFR2             0100-010F             10           1
        SFR3             0180-018F             10           1
        STACK            0110-016F             60           1
        STRCODE          0003-049F            49D           2
                         0800-1FFF           1800
        STRING           0003-049F            100           2
                         0800-1FFF            100

                                  Symbol Table

?_strlen                 cstackCOMMON 0070
_ANSEL                   (abs)        0188
_ANSELH                  (abs)        0189
_BAUDCTLbits             (abs)        0187
_INTCONbits              (abs)        000B
_OSCCONbits              (abs)        008F
_PIE1bits                (abs)        008C
_PIR1bits                (abs)        000C
_PORTA                   (abs)        0005
_PORTB                   (abs)        0006
_PORTC                   (abs)        0007
_PORTD                   (abs)        0008
_RCIF                    (abs)        0065
_RCREG                   (abs)        001A
_RCSTAbits               (abs)        0018
_SPBRG                   (abs)        0099
_SPBRGH                  (abs)        009A
_TRISA                   (abs)        0085
_TRISB                   (abs)        0086
_TRISD                   (abs)        0088
_TXIF                    (abs)        0064
_TXREG                   (abs)        0019
_TXSTAbits               (abs)        0098
__Habs1                  abs1         0000
__Hbank0                 bank0        0000
__Hbank1                 bank1        0000
__Hbank2                 bank2        0000
__Hbank3                 bank3        0000
__HbssCOMMON             bssCOMMON    0000
__Hcinit                 cinit        0800
__Hclrtext               clrtext      0000
__Hcode                  code         0000
__Hcommon                common       0000
__Hconfig                config       2009
__HcstackCOMMON          cstackCOMMON 0000
__HdataBANK0             dataBANK0    0000
__HdataBANK1             dataBANK1    0000
__HdataBANK3             dataBANK3    0000
__Heeprom_data           eeprom_data  0000
__Hend_init              end_init     0003
__Hfunctab               functab      0000
__HidataBANK0            idataBANK0   0000
__HidataBANK1            idataBANK1   0000
__HidataBANK3            idataBANK3   0000
__Hinit                  init         0000
__Hinittext              inittext     0000
__Hintentry              intentry     0000
__Hmaintext              maintext     0000
__HnvCOMMON              nvCOMMON     0000
__Hpowerup               powerup      0000
__Hram                   ram          0000
__Hreset_vec             reset_vec    0000
__Hsfr0                  sfr0         0000
__Hsfr1                  sfr1         0000
__Hsfr2                  sfr2         0000
__Hsfr3                  sfr3         0000
__Hspace_0               (abs)        0800
__Hspace_1               (abs)        01DF
__Hspace_2               (abs)        0000
__Hspace_3               (abs)        0000
__Hspace_4               (abs)        4010
__Hstack                 stack        0000
__Hstrings               strings      0000
__Htext                  text         0000
__Labs1                  abs1         0000
__Lbank0                 bank0        0000
__Lbank1                 bank1        0000
__Lbank2                 bank2        0000
__Lbank3                 bank3        0000
__LbssCOMMON             bssCOMMON    0000
__Lcinit                 cinit        07D1
__Lclrtext               clrtext      0000
__Lcode                  code         0000
__Lcommon                common       0000
__Lconfig                config       0000
__LcstackCOMMON          cstackCOMMON 0000
__LdataBANK0             dataBANK0    0000
__LdataBANK1             dataBANK1    0000
__LdataBANK3             dataBANK3    0000
__Leeprom_data           eeprom_data  0000
__Lend_init              end_init     0000
__Lfunctab               functab      0000
__LidataBANK0            idataBANK0   0000
__LidataBANK1            idataBANK1   0000
__LidataBANK3            idataBANK3   0000
__Linit                  init         0000
__Linittext              inittext     0000
__Lintentry              intentry     0000
__Lmaintext              maintext     0000
__LnvCOMMON              nvCOMMON     0000
__Lpowerup               powerup      0000
__Lram                   ram          0000
__Lreset_vec             reset_vec    0000
__Lsfr0                  sfr0         0000
__Lsfr1                  sfr1         0000
__Lsfr2                  sfr2         0000
__Lsfr3                  sfr3         0000
__Lspace_0               (abs)        0000
__Lspace_1               (abs)        0000
__Lspace_2               (abs)        0000
__Lspace_3               (abs)        0000
__Lspace_4               (abs)        0000
__Lstack                 stack        0000
__Lstrings               strings      0000
__Ltext                  text         0000
__S0                     (abs)        0800
__S1                     (abs)        01DF
__S2                     (abs)        0000
__S3                     (abs)        0000
___int_sp                stack        0000
___latbits               (abs)        0002
___sp                    stack        0000
___stackhi               (abs)        0000
___stacklo               (abs)        0000
__end_of__initialization cinit        07FC
__end_of_main            maintext     07D1
__end_of_strlen          text1        04D1
__initialization         cinit        07D1
__pbssCOMMON             bssCOMMON    0079
__pcstackCOMMON          cstackCOMMON 0070
__pdataBANK0             dataBANK0    0020
__pdataBANK1             dataBANK1    00A0
__pdataBANK3             dataBANK3    0190
__pidataBANK0            idataBANK0   04D1
__pidataBANK1            idataBANK1   050F
__pidataBANK3            idataBANK3   0555
__pmaintext              maintext     05A4
__pnvCOMMON              nvCOMMON     0077
__ptext1                 text1        04B3
__size_of_main           (abs)        0000
__size_of_strlen         (abs)        0000
_i                       nvCOMMON     0077
_main                    maintext     05A4
_nota_1                  dataBANK0    0020
_nota_2                  dataBANK1    00C3
_nota_3                  dataBANK0    004C
_nota_4                  dataBANK0    003A
_nota_5                  dataBANK3    01B3
_nota_6                  dataBANK1    00A0
_nota_7                  dataBANK3    0190
_strlen                  text1        04B3
_valor                   bssCOMMON    0079
btemp                    (abs)        007E
end_of_initialization    cinit        07FC
init_fetch0              inittext     04A0
init_ram0                inittext     04A4
intlevel0                functab      0000
intlevel1                functab      0000
intlevel2                functab      0000
intlevel3                functab      0000
intlevel4                functab      0000
intlevel5                functab      0000
reset_vec                reset_vec    0000
start                    init         0000
start_initialization     cinit        07D1
strlen@cp                cstackCOMMON 0072
strlen@s                 cstackCOMMON 0070
wtemp0                   (abs)        007E


FUNCTION INFORMATION:

 *************** function _main *****************
 Defined at:
		line 48 in file "lab10_main.c"
 Parameters:    Size  Location     Type
		None
 Auto vars:     Size  Location     Type
		None
 Return value:  Size  Location     Type
                  1    wreg      void 
 Registers used:
		wreg, fsr0l, fsr0h, status,2, status,0, pclath, cstack
 Tracked objects:
		On entry : 
		On exit  : 
		Unchanged: 
 Data sizes:     COMMON   BANK0   BANK1   BANK3   BANK2
      Params:         0       0       0       0       0
      Locals:         0       0       0       0       0
      Temps:          3       0       0       0       0
      Totals:         3       0       0       0       0
Total ram usage:        3 bytes
 Hardware stack levels required when called:    1
 This function calls:
		_strlen
 This function is called by:
		Startup code after reset
 This function uses a non-reentrant model


 *************** function _strlen *****************
 Defined at:
		line 4 in file "C:\Program Files\Microchip\xc8\v2.31\pic\sources\c90\common\strlen.c"
 Parameters:    Size  Location     Type
  s               2    0[COMMON] PTR const unsigned char 
		 -> nota_6(35), nota_5(44), nota_4(18), nota_3(18), 
		 -> nota_2(35), nota_1(26), 
 Auto vars:     Size  Location     Type
  cp              2    2[COMMON] PTR const unsigned char 
		 -> nota_6(35), nota_5(44), nota_4(18), nota_3(18), 
		 -> nota_2(35), nota_1(26), 
 Return value:  Size  Location     Type
                  2    0[COMMON] unsigned int 
 Registers used:
		wreg, fsr0l, fsr0h, status,2, status,0
 Tracked objects:
		On entry : 
		On exit  : 
		Unchanged: 
 Data sizes:     COMMON   BANK0   BANK1   BANK3   BANK2
      Params:         2       0       0       0       0
      Locals:         2       0       0       0       0
      Temps:          0       0       0       0       0
      Totals:         4       0       0       0       0
Total ram usage:        4 bytes
 Hardware stack levels used:    1
 This function calls:
		Nothing
 This function is called by:
		_main
 This function uses a non-reentrant model



MODULE INFORMATION

Module		Function		Class		Link	Load	Size
shared
		__initialization		CODE           	07D1	0000	43

shared estimated size: 43

C:\Program Files\Microchip\xc8\v2.31\pic\sources\c90\common\strlen.c
		_strlen        		CODE           	04B3	0000	30

C:\Program Files\Microchip\xc8\v2.31\pic\sources\c90\common\strlen.c estimated size: 30

lab10_main.c
		_main          		CODE           	05A4	0000	557

lab10_main.c estimated size: 557

