Microchip MPLAB XC8 Compiler V2.31

Linker command line:

-W-3 --edf=C:\Program Files\Microchip\xc8\v2.31\pic\dat\en_msgs.txt -cn \
  -h+dist/default/production\proyecto02.X.production.sym \
  --cmf=dist/default/production\proyecto02.X.production.cmf -z -Q16F887 \
  -oC:\Users\angel\AppData\Local\Temp\s4q4.2 --defsym=__MPLAB_BUILD=1 \
  -Mdist/default/production/proyecto02.X.production.map -E1 \
  -ver=XC8 Compiler --acfsm=1493 -ASTACK=0138h-016Fh -pstack=STACK \
  -ACODE=00h-07FFhx4 -ASTRCODE=00h-01FFFh -ASTRING=00h-0FFhx32 \
  -ACONST=00h-0FFhx32 -AENTRY=00h-0FFhx32 -ACOMMON=070h-07Fh \
  -ABANK0=020h-06Fh -ABANK1=0A0h-0EFh -ABANK2=0110h-016Fh \
  -ABANK3=0190h-01EFh -ARAM=020h-06Fh,0A0h-0EFh,0110h-016Fh,0190h-01EFh \
  -AABS1=020h-07Fh,0A0h-0EFh,0110h-016Fh,0190h-01EFh -ASFR0=00h-01Fh \
  -ASFR1=080h-09Fh -ASFR2=0100h-010Fh -ASFR3=0180h-018Fh \
  -ACONFIG=02007h-02008h -DCONFIG=2 -AIDLOC=02000h-02003h -DIDLOC=2 \
  -AEEDATA=00h-0FFh/02100h -peeprom_data=EEDATA -DEEDATA=2 -DCODE=2 \
  -DSTRCODE=2 -DSTRING=2 -DCONST=2 -DENTRY=2 \
  -preset_vec=00h,intentry=04h,init,end_init -ppowerup=CODE -pcinit=CODE \
  -pfunctab=ENTRY -k C:\Users\angel\AppData\Local\Temp\s4q4.o \
  dist/default/production\proyecto02.X.production.o 

Object code version is 3.11

Machine type is 16F887



                Name                               Link     Load   Length Selector   Space Scale
C:\Users\angel\AppData\Local\Temp\s4q4.o
                end_init                              C        C        3        8       0
                reset_vec                             0        0        3        0       0
                config                             2007     2007        2        0       4
dist/default/production\proyecto02.X.production.o
                cinit                                 F        F       49        8       0
                intentry                              4        4        8        8       0
                config                             2007     2007        2        0       4
                text4                               5FF      5FF       B5        8       0
                text3                               6B4      6B4       69        8       0
                text2                               FB1      FB1       27     1F62       0
                text1                               F91      F91       20     1F22       0
                maintext                             58       58      5A7        8       0
                cstackBANK0                          50       50        F       20       1
                cstackCOMMON                         70       70        6       70       1
                inittext                            F7E      F7E       13     1EFC       0
                dataBANK2                           110      110       28      110       1
                dataBANK3                           190      190       5F      190       1
                dataBANK1                            A0       A0       4D       A0       1
                dataBANK0                            20       20       30       20       1
                bssBANK0                             5F       5F        B       20       1
                bssCOMMON                            76       76        4       70       1
                idataBANK3                          71D      71D       5F        8       0
                idataBANK2                          FD8      FD8       28     1FB0       0
                idataBANK1                          77C      77C       4D        8       0
                idataBANK0                          7C9      7C9       30        8       0

TOTAL           Name                               Link     Load   Length     Space
        CLASS   STACK          

        CLASS   CODE           
                end_init                              C        C        3         0
                cinit                                 F        F       49         0
                intentry                              4        4        8         0
                reset_vec                             0        0        3         0
                text4                               5FF      5FF       B5         0
                text3                               6B4      6B4       69         0
                text2                               FB1      FB1       27         0
                text1                               F91      F91       20         0
                maintext                             58       58      5A7         0
                inittext                            F7E      F7E       13         0
                idataBANK3                          71D      71D       5F         0
                idataBANK2                          FD8      FD8       28         0
                idataBANK1                          77C      77C       4D         0
                idataBANK0                          7C9      7C9       30         0

        CLASS   STRCODE        

        CLASS   STRING         

        CLASS   CONST          

        CLASS   ENTRY          

        CLASS   COMMON         
                cstackCOMMON                         70       70        6         1
                bssCOMMON                            76       76        4         1

        CLASS   BANK0          
                cstackBANK0                          50       50        F         1
                dataBANK0                            20       20       30         1
                bssBANK0                             5F       5F        B         1

        CLASS   BANK1          
                dataBANK1                            A0       A0       4D         1

        CLASS   BANK2          
                dataBANK2                           110      110       28         1

        CLASS   BANK3          
                dataBANK3                           190      190       5F         1

        CLASS   RAM            

        CLASS   ABS1           
                abs_s1                               7E       7E        2         1

        CLASS   SFR0           

        CLASS   SFR1           

        CLASS   SFR2           

        CLASS   SFR3           

        CLASS   CONFIG         
                config                             2007     2007        2         4

        CLASS   IDLOC          

        CLASS   EEDATA         



SEGMENTS        Name                           Load    Length   Top    Selector   Space  Class     Delta

                reset_vec                      000000  000003  000003         0       0  CODE        2
                intentry                       000004  0007F5  0007F9         8       0  CODE        2
                dataBANK0                      000020  00004A  00006A        20       1  BANK0       1
                cstackCOMMON                   000070  00000A  00007A        70       1  COMMON      1
                dataBANK1                      0000A0  00004D  0000ED        A0       1  BANK1       1
                dataBANK2                      000110  000028  000138       110       1  BANK2       1
                dataBANK3                      000190  00005F  0001EF       190       1  BANK3       1
                inittext                       000F7E  000013  000F91      1EFC       0  CODE        2
                text1                          000F91  000020  000FB1      1F22       0  CODE        2
                text2                          000FB1  000027  000FD8      1F62       0  CODE        2
                idataBANK2                     000FD8  000028  001000      1FB0       0  CODE        2


UNUSED ADDRESS RANGES

        Name                Unused          Largest block    Delta
        BANK0            006A-006F              6           1
        BANK1            00ED-00EF              3           1
        BANK2            0138-016F             38           1
        BANK3            01EF-01EF              1           1
        CODE             0003-0003              1           2
                         07F9-0F7D              7
                         1000-1FFF            800
        COMMON           007A-007D              4           1
        CONST            0003-0003              1           2
                         07F9-0F7D            100
                         1000-1FFF            100
        EEDATA           2100-21FF            100           2
        ENTRY            0003-0003              1           2
                         07F9-0F7D            100
                         1000-1FFF            100
        IDLOC            2000-2003              4           2
        RAM              006A-006F              6           1
                         00ED-00EF              3
                         0138-016F             38
                         01EF-01EF              1
        SFR0             0000-001F             20           1
        SFR1             0080-009F             20           1
        SFR2             0100-010F             10           1
        SFR3             0180-018F             10           1
        STACK            0138-016F             38           1
        STRCODE          0003-0003              1           2
                         07F9-0F7D            785
                         1000-1FFF           1000
        STRING           0003-0003              1           2
                         07F9-0F7D            100
                         1000-1FFF            100

                                  Symbol Table

?___awdiv                cstackBANK0  0054
?___wmul                 cstackBANK0  0050
?_strlen                 cstackCOMMON 0074
_ADCON0bits              (abs)        001F
_ADCON1bits              (abs)        009F
_ADIF                    (abs)        0066
_ADRESH                  (abs)        001E
_ADRESL                  (abs)        009E
_ANSEL                   (abs)        0188
_ANSELH                  (abs)        0189
_BAUDCTLbits             (abs)        0187
_CCP1CONbits             (abs)        0017
_CCPR1L                  (abs)        0015
_INTCONbits              (abs)        000B
_IOCBbits                (abs)        0096
_OPTION_REGbits          (abs)        0081
_OSCCONbits              (abs)        008F
_PIE1bits                (abs)        008C
_PIR1bits                (abs)        000C
_PORTA                   (abs)        0005
_PORTB                   (abs)        0006
_PORTC                   (abs)        0007
_PORTD                   (abs)        0008
_PR2                     (abs)        0092
_RB0                     (abs)        0030
_RB1                     (abs)        0031
_RBIF                    (abs)        0058
_RC0                     (abs)        0038
_RC1                     (abs)        0039
_RC3                     (abs)        003B
_RCIF                    (abs)        0065
_RCREG                   (abs)        001A
_RCSTAbits               (abs)        0018
_RD0                     (abs)        0040
_RD1                     (abs)        0041
_SPBRG                   (abs)        0099
_SPBRGH                  (abs)        009A
_T0IF                    (abs)        005A
_T2CONbits               (abs)        0012
_TMR0                    (abs)        0001
_TRISA                   (abs)        0085
_TRISB                   (abs)        0086
_TRISC                   (abs)        0087
_TRISD                   (abs)        0088
_TXIF                    (abs)        0064
_TXREG                   (abs)        0019
_TXSTAbits               (abs)        0098
_WPUB                    (abs)        0095
__Habs1                  abs1         0000
__Hbank0                 bank0        0000
__Hbank1                 bank1        0000
__Hbank2                 bank2        0000
__Hbank3                 bank3        0000
__HbssBANK0              bssBANK0     0000
__HbssCOMMON             bssCOMMON    0000
__Hcinit                 cinit        0058
__Hclrtext               clrtext      0000
__Hcode                  code         0000
__Hcommon                common       0000
__Hconfig                config       2009
__HcstackBANK0           cstackBANK0  0000
__HcstackCOMMON          cstackCOMMON 0000
__HdataBANK0             dataBANK0    0000
__HdataBANK1             dataBANK1    0000
__HdataBANK2             dataBANK2    0000
__HdataBANK3             dataBANK3    0000
__Heeprom_data           eeprom_data  0000
__Hend_init              end_init     000F
__Hfunctab               functab      0000
__HidataBANK0            idataBANK0   0000
__HidataBANK1            idataBANK1   0000
__HidataBANK2            idataBANK2   0000
__HidataBANK3            idataBANK3   0000
__Hinit                  init         000C
__Hinittext              inittext     0000
__Hintentry              intentry     000C
__Hmaintext              maintext     0000
__Hpowerup               powerup      0000
__Hram                   ram          0000
__Hreset_vec             reset_vec    0003
__Hsfr0                  sfr0         0000
__Hsfr1                  sfr1         0000
__Hsfr2                  sfr2         0000
__Hsfr3                  sfr3         0000
__Hspace_0               (abs)        1000
__Hspace_1               (abs)        01EF
__Hspace_2               (abs)        0000
__Hspace_3               (abs)        0000
__Hspace_4               (abs)        4010
__Hstack                 stack        0000
__Hstrings               strings      0000
__Htext                  text         0000
__Labs1                  abs1         0000
__Lbank0                 bank0        0000
__Lbank1                 bank1        0000
__Lbank2                 bank2        0000
__Lbank3                 bank3        0000
__LbssBANK0              bssBANK0     0000
__LbssCOMMON             bssCOMMON    0000
__Lcinit                 cinit        000F
__Lclrtext               clrtext      0000
__Lcode                  code         0000
__Lcommon                common       0000
__Lconfig                config       0000
__LcstackBANK0           cstackBANK0  0000
__LcstackCOMMON          cstackCOMMON 0000
__LdataBANK0             dataBANK0    0000
__LdataBANK1             dataBANK1    0000
__LdataBANK2             dataBANK2    0000
__LdataBANK3             dataBANK3    0000
__Leeprom_data           eeprom_data  0000
__Lend_init              end_init     000C
__Lfunctab               functab      0000
__LidataBANK0            idataBANK0   0000
__LidataBANK1            idataBANK1   0000
__LidataBANK2            idataBANK2   0000
__LidataBANK3            idataBANK3   0000
__Linit                  init         000C
__Linittext              inittext     0000
__Lintentry              intentry     0004
__Lmaintext              maintext     0000
__Lpowerup               powerup      0000
__Lram                   ram          0000
__Lreset_vec             reset_vec    0000
__Lsfr0                  sfr0         0000
__Lsfr1                  sfr1         0000
__Lsfr2                  sfr2         0000
__Lsfr3                  sfr3         0000
__Lspace_0               (abs)        0000
__Lspace_1               (abs)        0000
__Lspace_2               (abs)        0000
__Lspace_3               (abs)        0000
__Lspace_4               (abs)        0000
__Lstack                 stack        0000
__Lstrings               strings      0000
__Ltext                  text         0000
__S0                     (abs)        1000
__S1                     (abs)        01EF
__S2                     (abs)        0000
__S3                     (abs)        0000
___awdiv                 text3        06B4
___awdiv@counter         cstackBANK0  0059
___awdiv@dividend        cstackBANK0  0056
___awdiv@divisor         cstackBANK0  0054
___awdiv@quotient        cstackBANK0  005B
___awdiv@sign            cstackBANK0  005A
___int_sp                stack        0000
___latbits               (abs)        0002
___sp                    stack        0000
___stackhi               (abs)        0000
___stacklo               (abs)        0000
___wmul                  text2        0FB1
___wmul@multiplicand     cstackBANK0  0052
___wmul@multiplier       cstackBANK0  0050
___wmul@product          cstackCOMMON 0074
__end_of___awdiv         text3        071D
__end_of___wmul          text2        0FD8
__end_of__initialization cinit        0054
__end_of_isr             text4        06B4
__end_of_main            maintext     05FF
__end_of_strlen          text1        0FB1
__initialization         cinit        000F
__pbssBANK0              bssBANK0     005F
__pbssCOMMON             bssCOMMON    0076
__pcstackBANK0           cstackBANK0  0050
__pcstackCOMMON          cstackCOMMON 0070
__pdataBANK0             dataBANK0    0020
__pdataBANK1             dataBANK1    00A0
__pdataBANK2             dataBANK2    0110
__pdataBANK3             dataBANK3    0190
__pidataBANK0            idataBANK0   07C9
__pidataBANK1            idataBANK1   077C
__pidataBANK2            idataBANK2   0FD8
__pidataBANK3            idataBANK3   071D
__pintentry              intentry     0004
__pmaintext              maintext     0058
__ptext1                 text1        0F91
__ptext2                 text2        0FB1
__ptext3                 text3        06B4
__ptext4                 text4        05FF
__size_of___awdiv        (abs)        0000
__size_of___wmul         (abs)        0000
__size_of_isr            (abs)        0000
__size_of_main           (abs)        0000
__size_of_strlen         (abs)        0000
_angulo                  bssBANK0     0067
_cambio                  dataBANK2    0110
_cantidad                bssCOMMON    0079
_centenas                bssBANK0     0061
_cont                    bssBANK0     0063
_decenas                 bssBANK0     0062
_direccion               dataBANK0    0020
_giro                    dataBANK3    0190
_i                       bssCOMMON    0076
_isr                     text4        05FF
_left                    dataBANK0    0035
_main                    maintext     0058
_nota_1                  dataBANK0    004B
_nota_2                  dataBANK1    00A0
_nota_3                  dataBANK3    01DB
_nota_4                  dataBANK3    01C7
_nota_5                  dataBANK3    01AD
_nota_6                  dataBANK0    0022
_nota_7                  dataBANK1    00DA
_nota_8                  dataBANK1    00C7
_nota_9                  dataBANK1    00B4
_right                   dataBANK0    0043
_servo1                  bssBANK0     0066
_servo2                  bssBANK0     0065
_servo3                  bssBANK0     0064
_strlen                  text1        0F91
_unidades                bssCOMMON    0078
_valor                   bssBANK0     005F
btemp                    (abs)        007E
end_of_initialization    cinit        0054
init_fetch0              inittext     0F7E
init_ram0                inittext     0F82
interrupt_function       intentry     0004
intlevel0                functab      0000
intlevel1                functab      0000
intlevel2                functab      0000
intlevel3                functab      0000
intlevel4                functab      0000
intlevel5                functab      0000
reset_vec                reset_vec    0000
saved_w                  (abs)        007E
start                    init         000C
start_initialization     cinit        000F
strlen@cp                cstackBANK0  0050
strlen@s                 cstackCOMMON 0074
wtemp0                   (abs)        007E


FUNCTION INFORMATION:

 *************** function _main *****************
 Defined at:
		line 136 in file "pro_02_main.c"
 Parameters:    Size  Location     Type
		None
 Auto vars:     Size  Location     Type
		None
 Return value:  Size  Location     Type
                  1    wreg      void 
 Registers used:
		wreg, fsr0l, fsr0h, status,2, status,0, pclath, cstack
 Tracked objects:
		On entry : 
		On exit  : 
		Unchanged: 
 Data sizes:     COMMON   BANK0   BANK1   BANK3   BANK2
      Params:         0       0       0       0       0
      Locals:         0       0       0       0       0
      Temps:          0       2       0       0       0
      Totals:         0       2       0       0       0
Total ram usage:        2 bytes
 Hardware stack levels required when called:    2
 This function calls:
		___awdiv
		___wmul
		_strlen
 This function is called by:
		Startup code after reset
 This function uses a non-reentrant model


 *************** function _strlen *****************
 Defined at:
		line 4 in file "C:\Program Files\Microchip\xc8\v2.31\pic\sources\c90\common\strlen.c"
 Parameters:    Size  Location     Type
  s               2    4[COMMON] PTR const unsigned char 
		 -> giro(29), cambio(40), left(14), right(8), 
		 -> nota_9(19), nota_8(19), nota_7(19), angulo(3), 
		 -> nota_6(19), nota_5(26), nota_4(20), nota_3(20), 
		 -> nota_2(20), nota_1(5), 
 Auto vars:     Size  Location     Type
  cp              2    0[BANK0 ] PTR const unsigned char 
		 -> giro(29), cambio(40), left(14), right(8), 
		 -> nota_9(19), nota_8(19), nota_7(19), angulo(3), 
		 -> nota_6(19), nota_5(26), nota_4(20), nota_3(20), 
		 -> nota_2(20), nota_1(5), 
 Return value:  Size  Location     Type
                  2    4[COMMON] unsigned int 
 Registers used:
		wreg, fsr0l, fsr0h, status,2, status,0
 Tracked objects:
		On entry : 
		On exit  : 
		Unchanged: 
 Data sizes:     COMMON   BANK0   BANK1   BANK3   BANK2
      Params:         2       0       0       0       0
      Locals:         0       2       0       0       0
      Temps:          0       0       0       0       0
      Totals:         2       2       0       0       0
Total ram usage:        4 bytes
 Hardware stack levels used:    1
 Hardware stack levels required when called:    1
 This function calls:
		Nothing
 This function is called by:
		_main
 This function uses a non-reentrant model


 *************** function ___wmul *****************
 Defined at:
		line 15 in file "C:\Program Files\Microchip\xc8\v2.31\pic\sources\c90\common\Umul16.c"
 Parameters:    Size  Location     Type
  multiplier      2    0[BANK0 ] unsigned int 
  multiplicand    2    2[BANK0 ] unsigned int 
 Auto vars:     Size  Location     Type
  product         2    4[COMMON] unsigned int 
 Return value:  Size  Location     Type
                  2    0[BANK0 ] unsigned int 
 Registers used:
		wreg, status,2, status,0
 Tracked objects:
		On entry : 
		On exit  : 
		Unchanged: 
 Data sizes:     COMMON   BANK0   BANK1   BANK3   BANK2
      Params:         0       4       0       0       0
      Locals:         2       0       0       0       0
      Temps:          0       0       0       0       0
      Totals:         2       4       0       0       0
Total ram usage:        6 bytes
 Hardware stack levels used:    1
 Hardware stack levels required when called:    1
 This function calls:
		Nothing
 This function is called by:
		_main
 This function uses a non-reentrant model


 *************** function ___awdiv *****************
 Defined at:
		line 5 in file "C:\Program Files\Microchip\xc8\v2.31\pic\sources\c90\common\awdiv.c"
 Parameters:    Size  Location     Type
  divisor         2    4[BANK0 ] int 
  dividend        2    6[BANK0 ] int 
 Auto vars:     Size  Location     Type
  quotient        2   11[BANK0 ] int 
  sign            1   10[BANK0 ] unsigned char 
  counter         1    9[BANK0 ] unsigned char 
 Return value:  Size  Location     Type
                  2    4[BANK0 ] int 
 Registers used:
		wreg, status,2, status,0
 Tracked objects:
		On entry : 
		On exit  : 
		Unchanged: 
 Data sizes:     COMMON   BANK0   BANK1   BANK3   BANK2
      Params:         0       4       0       0       0
      Locals:         0       4       0       0       0
      Temps:          0       1       0       0       0
      Totals:         0       9       0       0       0
Total ram usage:        9 bytes
 Hardware stack levels used:    1
 Hardware stack levels required when called:    1
 This function calls:
		Nothing
 This function is called by:
		_main
 This function uses a non-reentrant model


 *************** function _isr *****************
 Defined at:
		line 70 in file "pro_02_main.c"
 Parameters:    Size  Location     Type
		None
 Auto vars:     Size  Location     Type
		None
 Return value:  Size  Location     Type
                  1    wreg      void 
 Registers used:
		wreg, status,2, status,0
 Tracked objects:
		On entry : 
		On exit  : 
		Unchanged: 
 Data sizes:     COMMON   BANK0   BANK1   BANK3   BANK2
      Params:         0       0       0       0       0
      Locals:         0       0       0       0       0
      Temps:          4       0       0       0       0
      Totals:         4       0       0       0       0
Total ram usage:        4 bytes
 Hardware stack levels used:    1
 This function calls:
		Nothing
 This function is called by:
		Interrupt level 1
 This function uses a non-reentrant model



MODULE INFORMATION

Module		Function		Class		Link	Load	Size
C:\Program Files\Microchip\xc8\v2.31\pic\sources\c90\common\Umul16.c
		___wmul        		CODE           	0FB1	0000	39

C:\Program Files\Microchip\xc8\v2.31\pic\sources\c90\common\Umul16.c estimated size: 39

pro_02_main.c
		_main          		CODE           	0058	0000	1447
		_isr           		CODE           	05FF	0000	181

pro_02_main.c estimated size: 1628

C:\Program Files\Microchip\xc8\v2.31\pic\sources\c90\common\awdiv.c
		___awdiv       		CODE           	06B4	0000	105

C:\Program Files\Microchip\xc8\v2.31\pic\sources\c90\common\awdiv.c estimated size: 105

shared
		__initialization		CODE           	000F	0000	69

shared estimated size: 69

C:\Program Files\Microchip\xc8\v2.31\pic\sources\c90\common\strlen.c
		_strlen        		CODE           	0F91	0000	32

C:\Program Files\Microchip\xc8\v2.31\pic\sources\c90\common\strlen.c estimated size: 32

